Archive member included to satisfy reference by file (symbol)

/usr/lib/gcc/arm-none-eabi/4.9.3/../../../arm-none-eabi/lib/libc.a(lib_a-atexit.o)
                              /usr/lib/gcc/arm-none-eabi/4.9.3/../../../arm-none-eabi/lib/crt0.o (atexit)
/usr/lib/gcc/arm-none-eabi/4.9.3/../../../arm-none-eabi/lib/libc.a(lib_a-exit.o)
                              /usr/lib/gcc/arm-none-eabi/4.9.3/../../../arm-none-eabi/lib/crt0.o (exit)
/usr/lib/gcc/arm-none-eabi/4.9.3/../../../arm-none-eabi/lib/libc.a(lib_a-fini.o)
                              /usr/lib/gcc/arm-none-eabi/4.9.3/../../../arm-none-eabi/lib/crt0.o (__libc_fini_array)
/usr/lib/gcc/arm-none-eabi/4.9.3/../../../arm-none-eabi/lib/libc.a(lib_a-impure.o)
                              /usr/lib/gcc/arm-none-eabi/4.9.3/../../../arm-none-eabi/lib/libc.a(lib_a-exit.o) (_global_impure_ptr)
/usr/lib/gcc/arm-none-eabi/4.9.3/../../../arm-none-eabi/lib/libc.a(lib_a-init.o)
                              /usr/lib/gcc/arm-none-eabi/4.9.3/../../../arm-none-eabi/lib/crt0.o (__libc_init_array)
/usr/lib/gcc/arm-none-eabi/4.9.3/../../../arm-none-eabi/lib/libc.a(lib_a-memset.o)
                              /usr/lib/gcc/arm-none-eabi/4.9.3/../../../arm-none-eabi/lib/crt0.o (memset)
/usr/lib/gcc/arm-none-eabi/4.9.3/../../../arm-none-eabi/lib/libc.a(lib_a-__atexit.o)
                              /usr/lib/gcc/arm-none-eabi/4.9.3/../../../arm-none-eabi/lib/libc.a(lib_a-atexit.o) (__register_exitproc)
/usr/lib/gcc/arm-none-eabi/4.9.3/../../../arm-none-eabi/lib/libc.a(lib_a-__call_atexit.o)
                              /usr/lib/gcc/arm-none-eabi/4.9.3/../../../arm-none-eabi/lib/libc.a(lib_a-exit.o) (__call_exitprocs)

Allocating common symbols
Common symbol       size              file

HSEStartUpStatus    0x1               main.o
GPIO_InitStructure  0x4               main.o

Discarded input sections

 .text          0x0000000000000000        0x0 /usr/lib/gcc/arm-none-eabi/4.9.3/crti.o
 .data          0x0000000000000000        0x0 /usr/lib/gcc/arm-none-eabi/4.9.3/crti.o
 .bss           0x0000000000000000        0x0 /usr/lib/gcc/arm-none-eabi/4.9.3/crti.o
 .text          0x0000000000000000      0x108 /usr/lib/gcc/arm-none-eabi/4.9.3/crtbegin.o
 .data          0x0000000000000000        0x4 /usr/lib/gcc/arm-none-eabi/4.9.3/crtbegin.o
 .bss           0x0000000000000000       0x1c /usr/lib/gcc/arm-none-eabi/4.9.3/crtbegin.o
 .init_array    0x0000000000000000        0x4 /usr/lib/gcc/arm-none-eabi/4.9.3/crtbegin.o
 .fini_array    0x0000000000000000        0x4 /usr/lib/gcc/arm-none-eabi/4.9.3/crtbegin.o
 .eh_frame      0x0000000000000000        0x0 /usr/lib/gcc/arm-none-eabi/4.9.3/crtbegin.o
 .jcr           0x0000000000000000        0x0 /usr/lib/gcc/arm-none-eabi/4.9.3/crtbegin.o
 .tm_clone_table
                0x0000000000000000        0x0 /usr/lib/gcc/arm-none-eabi/4.9.3/crtbegin.o
 .comment       0x0000000000000000       0x39 /usr/lib/gcc/arm-none-eabi/4.9.3/crtbegin.o
 .ARM.attributes
                0x0000000000000000       0x30 /usr/lib/gcc/arm-none-eabi/4.9.3/crtbegin.o
 .text          0x0000000000000000      0x104 /usr/lib/gcc/arm-none-eabi/4.9.3/../../../arm-none-eabi/lib/crt0.o
 .data          0x0000000000000000        0x0 /usr/lib/gcc/arm-none-eabi/4.9.3/../../../arm-none-eabi/lib/crt0.o
 .bss           0x0000000000000000        0x0 /usr/lib/gcc/arm-none-eabi/4.9.3/../../../arm-none-eabi/lib/crt0.o
 .ARM.extab     0x0000000000000000        0x0 /usr/lib/gcc/arm-none-eabi/4.9.3/../../../arm-none-eabi/lib/crt0.o
 .ARM.exidx     0x0000000000000000        0x8 /usr/lib/gcc/arm-none-eabi/4.9.3/../../../arm-none-eabi/lib/crt0.o
 .debug_line    0x0000000000000000       0x92 /usr/lib/gcc/arm-none-eabi/4.9.3/../../../arm-none-eabi/lib/crt0.o
 .debug_info    0x0000000000000000       0x9d /usr/lib/gcc/arm-none-eabi/4.9.3/../../../arm-none-eabi/lib/crt0.o
 .debug_abbrev  0x0000000000000000       0x14 /usr/lib/gcc/arm-none-eabi/4.9.3/../../../arm-none-eabi/lib/crt0.o
 .debug_aranges
                0x0000000000000000       0x20 /usr/lib/gcc/arm-none-eabi/4.9.3/../../../arm-none-eabi/lib/crt0.o
 .ARM.attributes
                0x0000000000000000       0x14 /usr/lib/gcc/arm-none-eabi/4.9.3/../../../arm-none-eabi/lib/crt0.o
 .text          0x0000000000000000      0x10c main.o
 .data          0x0000000000000000        0x0 main.o
 .bss           0x0000000000000000        0x0 main.o
 .debug_info    0x0000000000000000      0x260 main.o
 .debug_abbrev  0x0000000000000000      0x101 main.o
 .debug_aranges
                0x0000000000000000       0x20 main.o
 .debug_line    0x0000000000000000       0xcf main.o
 .debug_str     0x0000000000000000      0x27d main.o
 .comment       0x0000000000000000       0x39 main.o
 .debug_frame   0x0000000000000000       0x8c main.o
 .ARM.attributes
                0x0000000000000000       0x33 main.o
 COMMON         0x0000000000000000        0x8 main.o
 .text          0x0000000000000000        0x0 /usr/lib/gcc/arm-none-eabi/4.9.3/../../../arm-none-eabi/lib/libc.a(lib_a-atexit.o)
 .data          0x0000000000000000        0x0 /usr/lib/gcc/arm-none-eabi/4.9.3/../../../arm-none-eabi/lib/libc.a(lib_a-atexit.o)
 .bss           0x0000000000000000        0x0 /usr/lib/gcc/arm-none-eabi/4.9.3/../../../arm-none-eabi/lib/libc.a(lib_a-atexit.o)
 .text.atexit   0x0000000000000000       0x20 /usr/lib/gcc/arm-none-eabi/4.9.3/../../../arm-none-eabi/lib/libc.a(lib_a-atexit.o)
 .debug_info    0x0000000000000000      0x10a /usr/lib/gcc/arm-none-eabi/4.9.3/../../../arm-none-eabi/lib/libc.a(lib_a-atexit.o)
 .debug_abbrev  0x0000000000000000       0xb5 /usr/lib/gcc/arm-none-eabi/4.9.3/../../../arm-none-eabi/lib/libc.a(lib_a-atexit.o)
 .debug_loc     0x0000000000000000       0x2c /usr/lib/gcc/arm-none-eabi/4.9.3/../../../arm-none-eabi/lib/libc.a(lib_a-atexit.o)
 .debug_aranges
                0x0000000000000000       0x20 /usr/lib/gcc/arm-none-eabi/4.9.3/../../../arm-none-eabi/lib/libc.a(lib_a-atexit.o)
 .debug_ranges  0x0000000000000000       0x10 /usr/lib/gcc/arm-none-eabi/4.9.3/../../../arm-none-eabi/lib/libc.a(lib_a-atexit.o)
 .debug_line    0x0000000000000000       0xc0 /usr/lib/gcc/arm-none-eabi/4.9.3/../../../arm-none-eabi/lib/libc.a(lib_a-atexit.o)
 .debug_str     0x0000000000000000      0x1bf /usr/lib/gcc/arm-none-eabi/4.9.3/../../../arm-none-eabi/lib/libc.a(lib_a-atexit.o)
 .comment       0x0000000000000000       0x39 /usr/lib/gcc/arm-none-eabi/4.9.3/../../../arm-none-eabi/lib/libc.a(lib_a-atexit.o)
 .debug_frame   0x0000000000000000       0x2c /usr/lib/gcc/arm-none-eabi/4.9.3/../../../arm-none-eabi/lib/libc.a(lib_a-atexit.o)
 .ARM.attributes
                0x0000000000000000       0x30 /usr/lib/gcc/arm-none-eabi/4.9.3/../../../arm-none-eabi/lib/libc.a(lib_a-atexit.o)
 .text          0x0000000000000000        0x0 /usr/lib/gcc/arm-none-eabi/4.9.3/../../../arm-none-eabi/lib/libc.a(lib_a-exit.o)
 .data          0x0000000000000000        0x0 /usr/lib/gcc/arm-none-eabi/4.9.3/../../../arm-none-eabi/lib/libc.a(lib_a-exit.o)
 .bss           0x0000000000000000        0x0 /usr/lib/gcc/arm-none-eabi/4.9.3/../../../arm-none-eabi/lib/libc.a(lib_a-exit.o)
 .text.exit     0x0000000000000000       0x34 /usr/lib/gcc/arm-none-eabi/4.9.3/../../../arm-none-eabi/lib/libc.a(lib_a-exit.o)
 .debug_info    0x0000000000000000      0x8e4 /usr/lib/gcc/arm-none-eabi/4.9.3/../../../arm-none-eabi/lib/libc.a(lib_a-exit.o)
 .debug_abbrev  0x0000000000000000      0x1e6 /usr/lib/gcc/arm-none-eabi/4.9.3/../../../arm-none-eabi/lib/libc.a(lib_a-exit.o)
 .debug_loc     0x0000000000000000       0x1e /usr/lib/gcc/arm-none-eabi/4.9.3/../../../arm-none-eabi/lib/libc.a(lib_a-exit.o)
 .debug_aranges
                0x0000000000000000       0x20 /usr/lib/gcc/arm-none-eabi/4.9.3/../../../arm-none-eabi/lib/libc.a(lib_a-exit.o)
 .debug_ranges  0x0000000000000000       0x10 /usr/lib/gcc/arm-none-eabi/4.9.3/../../../arm-none-eabi/lib/libc.a(lib_a-exit.o)
 .debug_line    0x0000000000000000      0x172 /usr/lib/gcc/arm-none-eabi/4.9.3/../../../arm-none-eabi/lib/libc.a(lib_a-exit.o)
 .debug_str     0x0000000000000000      0x55c /usr/lib/gcc/arm-none-eabi/4.9.3/../../../arm-none-eabi/lib/libc.a(lib_a-exit.o)
 .comment       0x0000000000000000       0x39 /usr/lib/gcc/arm-none-eabi/4.9.3/../../../arm-none-eabi/lib/libc.a(lib_a-exit.o)
 .debug_frame   0x0000000000000000       0x28 /usr/lib/gcc/arm-none-eabi/4.9.3/../../../arm-none-eabi/lib/libc.a(lib_a-exit.o)
 .ARM.attributes
                0x0000000000000000       0x30 /usr/lib/gcc/arm-none-eabi/4.9.3/../../../arm-none-eabi/lib/libc.a(lib_a-exit.o)
 .text          0x0000000000000000        0x0 /usr/lib/gcc/arm-none-eabi/4.9.3/../../../arm-none-eabi/lib/libc.a(lib_a-fini.o)
 .data          0x0000000000000000        0x0 /usr/lib/gcc/arm-none-eabi/4.9.3/../../../arm-none-eabi/lib/libc.a(lib_a-fini.o)
 .bss           0x0000000000000000        0x0 /usr/lib/gcc/arm-none-eabi/4.9.3/../../../arm-none-eabi/lib/libc.a(lib_a-fini.o)
 .text.__libc_fini_array
                0x0000000000000000       0x48 /usr/lib/gcc/arm-none-eabi/4.9.3/../../../arm-none-eabi/lib/libc.a(lib_a-fini.o)
 .debug_info    0x0000000000000000       0xef /usr/lib/gcc/arm-none-eabi/4.9.3/../../../arm-none-eabi/lib/libc.a(lib_a-fini.o)
 .debug_abbrev  0x0000000000000000       0xba /usr/lib/gcc/arm-none-eabi/4.9.3/../../../arm-none-eabi/lib/libc.a(lib_a-fini.o)
 .debug_loc     0x0000000000000000       0x5c /usr/lib/gcc/arm-none-eabi/4.9.3/../../../arm-none-eabi/lib/libc.a(lib_a-fini.o)
 .debug_aranges
                0x0000000000000000       0x20 /usr/lib/gcc/arm-none-eabi/4.9.3/../../../arm-none-eabi/lib/libc.a(lib_a-fini.o)
 .debug_ranges  0x0000000000000000       0x10 /usr/lib/gcc/arm-none-eabi/4.9.3/../../../arm-none-eabi/lib/libc.a(lib_a-fini.o)
 .debug_line    0x0000000000000000       0x99 /usr/lib/gcc/arm-none-eabi/4.9.3/../../../arm-none-eabi/lib/libc.a(lib_a-fini.o)
 .debug_str     0x0000000000000000      0x1b7 /usr/lib/gcc/arm-none-eabi/4.9.3/../../../arm-none-eabi/lib/libc.a(lib_a-fini.o)
 .comment       0x0000000000000000       0x39 /usr/lib/gcc/arm-none-eabi/4.9.3/../../../arm-none-eabi/lib/libc.a(lib_a-fini.o)
 .debug_frame   0x0000000000000000       0x34 /usr/lib/gcc/arm-none-eabi/4.9.3/../../../arm-none-eabi/lib/libc.a(lib_a-fini.o)
 .ARM.attributes
                0x0000000000000000       0x30 /usr/lib/gcc/arm-none-eabi/4.9.3/../../../arm-none-eabi/lib/libc.a(lib_a-fini.o)
 .text          0x0000000000000000        0x0 /usr/lib/gcc/arm-none-eabi/4.9.3/../../../arm-none-eabi/lib/libc.a(lib_a-impure.o)
 .data          0x0000000000000000        0x0 /usr/lib/gcc/arm-none-eabi/4.9.3/../../../arm-none-eabi/lib/libc.a(lib_a-impure.o)
 .bss           0x0000000000000000        0x0 /usr/lib/gcc/arm-none-eabi/4.9.3/../../../arm-none-eabi/lib/libc.a(lib_a-impure.o)
 .data.impure_data
                0x0000000000000000      0x428 /usr/lib/gcc/arm-none-eabi/4.9.3/../../../arm-none-eabi/lib/libc.a(lib_a-impure.o)
 .data._impure_ptr
                0x0000000000000000        0x4 /usr/lib/gcc/arm-none-eabi/4.9.3/../../../arm-none-eabi/lib/libc.a(lib_a-impure.o)
 .rodata.str1.4
                0x0000000000000000        0x4 /usr/lib/gcc/arm-none-eabi/4.9.3/../../../arm-none-eabi/lib/libc.a(lib_a-impure.o)
 .rodata._global_impure_ptr
                0x0000000000000000        0x4 /usr/lib/gcc/arm-none-eabi/4.9.3/../../../arm-none-eabi/lib/libc.a(lib_a-impure.o)
 .debug_info    0x0000000000000000      0x894 /usr/lib/gcc/arm-none-eabi/4.9.3/../../../arm-none-eabi/lib/libc.a(lib_a-impure.o)
 .debug_abbrev  0x0000000000000000      0x180 /usr/lib/gcc/arm-none-eabi/4.9.3/../../../arm-none-eabi/lib/libc.a(lib_a-impure.o)
 .debug_aranges
                0x0000000000000000       0x18 /usr/lib/gcc/arm-none-eabi/4.9.3/../../../arm-none-eabi/lib/libc.a(lib_a-impure.o)
 .debug_line    0x0000000000000000       0xee /usr/lib/gcc/arm-none-eabi/4.9.3/../../../arm-none-eabi/lib/libc.a(lib_a-impure.o)
 .debug_str     0x0000000000000000      0x553 /usr/lib/gcc/arm-none-eabi/4.9.3/../../../arm-none-eabi/lib/libc.a(lib_a-impure.o)
 .comment       0x0000000000000000       0x39 /usr/lib/gcc/arm-none-eabi/4.9.3/../../../arm-none-eabi/lib/libc.a(lib_a-impure.o)
 .ARM.attributes
                0x0000000000000000       0x30 /usr/lib/gcc/arm-none-eabi/4.9.3/../../../arm-none-eabi/lib/libc.a(lib_a-impure.o)
 .text          0x0000000000000000        0x0 /usr/lib/gcc/arm-none-eabi/4.9.3/../../../arm-none-eabi/lib/libc.a(lib_a-init.o)
 .data          0x0000000000000000        0x0 /usr/lib/gcc/arm-none-eabi/4.9.3/../../../arm-none-eabi/lib/libc.a(lib_a-init.o)
 .bss           0x0000000000000000        0x0 /usr/lib/gcc/arm-none-eabi/4.9.3/../../../arm-none-eabi/lib/libc.a(lib_a-init.o)
 .text.__libc_init_array
                0x0000000000000000       0x80 /usr/lib/gcc/arm-none-eabi/4.9.3/../../../arm-none-eabi/lib/libc.a(lib_a-init.o)
 .debug_info    0x0000000000000000      0x105 /usr/lib/gcc/arm-none-eabi/4.9.3/../../../arm-none-eabi/lib/libc.a(lib_a-init.o)
 .debug_abbrev  0x0000000000000000       0xba /usr/lib/gcc/arm-none-eabi/4.9.3/../../../arm-none-eabi/lib/libc.a(lib_a-init.o)
 .debug_loc     0x0000000000000000       0xa2 /usr/lib/gcc/arm-none-eabi/4.9.3/../../../arm-none-eabi/lib/libc.a(lib_a-init.o)
 .debug_aranges
                0x0000000000000000       0x20 /usr/lib/gcc/arm-none-eabi/4.9.3/../../../arm-none-eabi/lib/libc.a(lib_a-init.o)
 .debug_ranges  0x0000000000000000       0x10 /usr/lib/gcc/arm-none-eabi/4.9.3/../../../arm-none-eabi/lib/libc.a(lib_a-init.o)
 .debug_line    0x0000000000000000       0xb3 /usr/lib/gcc/arm-none-eabi/4.9.3/../../../arm-none-eabi/lib/libc.a(lib_a-init.o)
 .debug_str     0x0000000000000000      0x1e1 /usr/lib/gcc/arm-none-eabi/4.9.3/../../../arm-none-eabi/lib/libc.a(lib_a-init.o)
 .comment       0x0000000000000000       0x39 /usr/lib/gcc/arm-none-eabi/4.9.3/../../../arm-none-eabi/lib/libc.a(lib_a-init.o)
 .debug_frame   0x0000000000000000       0x34 /usr/lib/gcc/arm-none-eabi/4.9.3/../../../arm-none-eabi/lib/libc.a(lib_a-init.o)
 .ARM.attributes
                0x0000000000000000       0x30 /usr/lib/gcc/arm-none-eabi/4.9.3/../../../arm-none-eabi/lib/libc.a(lib_a-init.o)
 .text          0x0000000000000000        0x0 /usr/lib/gcc/arm-none-eabi/4.9.3/../../../arm-none-eabi/lib/libc.a(lib_a-memset.o)
 .data          0x0000000000000000        0x0 /usr/lib/gcc/arm-none-eabi/4.9.3/../../../arm-none-eabi/lib/libc.a(lib_a-memset.o)
 .bss           0x0000000000000000        0x0 /usr/lib/gcc/arm-none-eabi/4.9.3/../../../arm-none-eabi/lib/libc.a(lib_a-memset.o)
 .text.memset   0x0000000000000000       0xf4 /usr/lib/gcc/arm-none-eabi/4.9.3/../../../arm-none-eabi/lib/libc.a(lib_a-memset.o)
 .debug_info    0x0000000000000000      0x117 /usr/lib/gcc/arm-none-eabi/4.9.3/../../../arm-none-eabi/lib/libc.a(lib_a-memset.o)
 .debug_abbrev  0x0000000000000000       0x9f /usr/lib/gcc/arm-none-eabi/4.9.3/../../../arm-none-eabi/lib/libc.a(lib_a-memset.o)
 .debug_loc     0x0000000000000000      0x198 /usr/lib/gcc/arm-none-eabi/4.9.3/../../../arm-none-eabi/lib/libc.a(lib_a-memset.o)
 .debug_aranges
                0x0000000000000000       0x20 /usr/lib/gcc/arm-none-eabi/4.9.3/../../../arm-none-eabi/lib/libc.a(lib_a-memset.o)
 .debug_ranges  0x0000000000000000       0x10 /usr/lib/gcc/arm-none-eabi/4.9.3/../../../arm-none-eabi/lib/libc.a(lib_a-memset.o)
 .debug_line    0x0000000000000000      0x11a /usr/lib/gcc/arm-none-eabi/4.9.3/../../../arm-none-eabi/lib/libc.a(lib_a-memset.o)
 .debug_str     0x0000000000000000      0x196 /usr/lib/gcc/arm-none-eabi/4.9.3/../../../arm-none-eabi/lib/libc.a(lib_a-memset.o)
 .comment       0x0000000000000000       0x39 /usr/lib/gcc/arm-none-eabi/4.9.3/../../../arm-none-eabi/lib/libc.a(lib_a-memset.o)
 .debug_frame   0x0000000000000000       0x30 /usr/lib/gcc/arm-none-eabi/4.9.3/../../../arm-none-eabi/lib/libc.a(lib_a-memset.o)
 .ARM.attributes
                0x0000000000000000       0x30 /usr/lib/gcc/arm-none-eabi/4.9.3/../../../arm-none-eabi/lib/libc.a(lib_a-memset.o)
 .text          0x0000000000000000        0x0 /usr/lib/gcc/arm-none-eabi/4.9.3/../../../arm-none-eabi/lib/libc.a(lib_a-__atexit.o)
 .data          0x0000000000000000        0x0 /usr/lib/gcc/arm-none-eabi/4.9.3/../../../arm-none-eabi/lib/libc.a(lib_a-__atexit.o)
 .bss           0x0000000000000000        0x0 /usr/lib/gcc/arm-none-eabi/4.9.3/../../../arm-none-eabi/lib/libc.a(lib_a-__atexit.o)
 .text.__register_exitproc
                0x0000000000000000       0xe0 /usr/lib/gcc/arm-none-eabi/4.9.3/../../../arm-none-eabi/lib/libc.a(lib_a-__atexit.o)
 .debug_info    0x0000000000000000      0x934 /usr/lib/gcc/arm-none-eabi/4.9.3/../../../arm-none-eabi/lib/libc.a(lib_a-__atexit.o)
 .debug_abbrev  0x0000000000000000      0x20f /usr/lib/gcc/arm-none-eabi/4.9.3/../../../arm-none-eabi/lib/libc.a(lib_a-__atexit.o)
 .debug_loc     0x0000000000000000      0x11b /usr/lib/gcc/arm-none-eabi/4.9.3/../../../arm-none-eabi/lib/libc.a(lib_a-__atexit.o)
 .debug_aranges
                0x0000000000000000       0x20 /usr/lib/gcc/arm-none-eabi/4.9.3/../../../arm-none-eabi/lib/libc.a(lib_a-__atexit.o)
 .debug_ranges  0x0000000000000000       0x10 /usr/lib/gcc/arm-none-eabi/4.9.3/../../../arm-none-eabi/lib/libc.a(lib_a-__atexit.o)
 .debug_line    0x0000000000000000      0x18f /usr/lib/gcc/arm-none-eabi/4.9.3/../../../arm-none-eabi/lib/libc.a(lib_a-__atexit.o)
 .debug_str     0x0000000000000000      0x59b /usr/lib/gcc/arm-none-eabi/4.9.3/../../../arm-none-eabi/lib/libc.a(lib_a-__atexit.o)
 .comment       0x0000000000000000       0x39 /usr/lib/gcc/arm-none-eabi/4.9.3/../../../arm-none-eabi/lib/libc.a(lib_a-__atexit.o)
 .debug_frame   0x0000000000000000       0x3c /usr/lib/gcc/arm-none-eabi/4.9.3/../../../arm-none-eabi/lib/libc.a(lib_a-__atexit.o)
 .ARM.attributes
                0x0000000000000000       0x30 /usr/lib/gcc/arm-none-eabi/4.9.3/../../../arm-none-eabi/lib/libc.a(lib_a-__atexit.o)
 .text          0x0000000000000000        0x0 /usr/lib/gcc/arm-none-eabi/4.9.3/../../../arm-none-eabi/lib/libc.a(lib_a-__call_atexit.o)
 .data          0x0000000000000000        0x0 /usr/lib/gcc/arm-none-eabi/4.9.3/../../../arm-none-eabi/lib/libc.a(lib_a-__call_atexit.o)
 .bss           0x0000000000000000        0x0 /usr/lib/gcc/arm-none-eabi/4.9.3/../../../arm-none-eabi/lib/libc.a(lib_a-__call_atexit.o)
 .text.startup.register_fini
                0x0000000000000000       0x24 /usr/lib/gcc/arm-none-eabi/4.9.3/../../../arm-none-eabi/lib/libc.a(lib_a-__call_atexit.o)
 .init_array.00000
                0x0000000000000000        0x4 /usr/lib/gcc/arm-none-eabi/4.9.3/../../../arm-none-eabi/lib/libc.a(lib_a-__call_atexit.o)
 .text.__call_exitprocs
                0x0000000000000000      0x16c /usr/lib/gcc/arm-none-eabi/4.9.3/../../../arm-none-eabi/lib/libc.a(lib_a-__call_atexit.o)
 .debug_info    0x0000000000000000      0x9a9 /usr/lib/gcc/arm-none-eabi/4.9.3/../../../arm-none-eabi/lib/libc.a(lib_a-__call_atexit.o)
 .debug_abbrev  0x0000000000000000      0x282 /usr/lib/gcc/arm-none-eabi/4.9.3/../../../arm-none-eabi/lib/libc.a(lib_a-__call_atexit.o)
 .debug_loc     0x0000000000000000      0x1ac /usr/lib/gcc/arm-none-eabi/4.9.3/../../../arm-none-eabi/lib/libc.a(lib_a-__call_atexit.o)
 .debug_aranges
                0x0000000000000000       0x28 /usr/lib/gcc/arm-none-eabi/4.9.3/../../../arm-none-eabi/lib/libc.a(lib_a-__call_atexit.o)
 .debug_ranges  0x0000000000000000       0x40 /usr/lib/gcc/arm-none-eabi/4.9.3/../../../arm-none-eabi/lib/libc.a(lib_a-__call_atexit.o)
 .debug_line    0x0000000000000000      0x1c3 /usr/lib/gcc/arm-none-eabi/4.9.3/../../../arm-none-eabi/lib/libc.a(lib_a-__call_atexit.o)
 .debug_str     0x0000000000000000      0x5b3 /usr/lib/gcc/arm-none-eabi/4.9.3/../../../arm-none-eabi/lib/libc.a(lib_a-__call_atexit.o)
 .comment       0x0000000000000000       0x39 /usr/lib/gcc/arm-none-eabi/4.9.3/../../../arm-none-eabi/lib/libc.a(lib_a-__call_atexit.o)
 .debug_frame   0x0000000000000000       0x68 /usr/lib/gcc/arm-none-eabi/4.9.3/../../../arm-none-eabi/lib/libc.a(lib_a-__call_atexit.o)
 .ARM.attributes
                0x0000000000000000       0x30 /usr/lib/gcc/arm-none-eabi/4.9.3/../../../arm-none-eabi/lib/libc.a(lib_a-__call_atexit.o)
 .text          0x0000000000000000        0x0 /usr/lib/gcc/arm-none-eabi/4.9.3/crtend.o
 .data          0x0000000000000000        0x0 /usr/lib/gcc/arm-none-eabi/4.9.3/crtend.o
 .bss           0x0000000000000000        0x0 /usr/lib/gcc/arm-none-eabi/4.9.3/crtend.o
 .eh_frame      0x0000000000000000        0x4 /usr/lib/gcc/arm-none-eabi/4.9.3/crtend.o
 .jcr           0x0000000000000000        0x4 /usr/lib/gcc/arm-none-eabi/4.9.3/crtend.o
 .tm_clone_table
                0x0000000000000000        0x0 /usr/lib/gcc/arm-none-eabi/4.9.3/crtend.o
 .comment       0x0000000000000000       0x39 /usr/lib/gcc/arm-none-eabi/4.9.3/crtend.o
 .ARM.attributes
                0x0000000000000000       0x30 /usr/lib/gcc/arm-none-eabi/4.9.3/crtend.o
 .text          0x0000000000000000        0x0 /usr/lib/gcc/arm-none-eabi/4.9.3/crtn.o
 .data          0x0000000000000000        0x0 /usr/lib/gcc/arm-none-eabi/4.9.3/crtn.o
 .bss           0x0000000000000000        0x0 /usr/lib/gcc/arm-none-eabi/4.9.3/crtn.o
 .init          0x0000000000000000        0xc /usr/lib/gcc/arm-none-eabi/4.9.3/crtn.o
 .fini          0x0000000000000000        0xc /usr/lib/gcc/arm-none-eabi/4.9.3/crtn.o
 .ARM.attributes
                0x0000000000000000       0x18 /usr/lib/gcc/arm-none-eabi/4.9.3/crtn.o

Memory Configuration

Name             Origin             Length             Attributes
RAM              0x0000000020000000 0x0000000000005000 xrw
FLASH            0x0000000008000000 0x0000000000020000 xr
FLASHB1          0x0000000000000000 0x0000000000000000 xr
EXTMEMB0         0x0000000000000000 0x0000000000000000 xr
EXTMEMB1         0x0000000000000000 0x0000000000000000 xr
EXTMEMB2         0x0000000000000000 0x0000000000000000 xr
EXTMEMB3         0x0000000000000000 0x0000000000000000 xr
*default*        0x0000000000000000 0xffffffffffffffff

Linker script and memory map

LOAD /usr/lib/gcc/arm-none-eabi/4.9.3/crti.o
LOAD /usr/lib/gcc/arm-none-eabi/4.9.3/crtbegin.o
LOAD /usr/lib/gcc/arm-none-eabi/4.9.3/../../../arm-none-eabi/lib/crt0.o
LOAD main.o
START GROUP
LOAD /usr/lib/gcc/arm-none-eabi/4.9.3/libgcc.a
LOAD /usr/lib/gcc/arm-none-eabi/4.9.3/../../../arm-none-eabi/lib/libc.a
END GROUP
LOAD /usr/lib/gcc/arm-none-eabi/4.9.3/crtend.o
LOAD /usr/lib/gcc/arm-none-eabi/4.9.3/crtn.o
                0x0000000000000400                __Stack_Size = 0x400
                [!provide]                        PROVIDE (_Stack_Size, __Stack_Size)
                0x0000000020004c00                __Stack_Init = (_estack - __Stack_Size)
                [!provide]                        PROVIDE (_Stack_Init, __Stack_Init)
                0x0000000000000100                _Minimum_Stack_Size = 0x100
                [!provide]                        PROVIDE (Undefined_Handler, 0x0)
                [!provide]                        PROVIDE (SWI_Handler, 0x0)
                [!provide]                        PROVIDE (IRQ_Handler, 0x0)
                [!provide]                        PROVIDE (Prefetch_Handler, 0x0)
                [!provide]                        PROVIDE (Abort_Handler, 0x0)
                [!provide]                        PROVIDE (FIQ_Handler, 0x0)
                [!provide]                        PROVIDE (NMIException, 0x0)
                [!provide]                        PROVIDE (HardFaultException, 0x0)
                [!provide]                        PROVIDE (MemManageException, 0x0)
                [!provide]                        PROVIDE (BusFaultException, 0x0)
                [!provide]                        PROVIDE (UsageFaultException, 0x0)
                [!provide]                        PROVIDE (SVCHandler, 0x0)
                [!provide]                        PROVIDE (DebugMonitor, 0x0)
                [!provide]                        PROVIDE (PendSVC, 0x0)
                [!provide]                        PROVIDE (SysTickHandler, 0x0)
                [!provide]                        PROVIDE (WWDG_IRQHandler, 0x0)
                [!provide]                        PROVIDE (PVD_IRQHandler, 0x0)
                [!provide]                        PROVIDE (TAMPER_IRQHandler, 0x0)
                [!provide]                        PROVIDE (RTC_IRQHandler, 0x0)
                [!provide]                        PROVIDE (FLASH_IRQHandler, 0x0)
                [!provide]                        PROVIDE (RCC_IRQHandler, 0x0)
                [!provide]                        PROVIDE (EXTI0_IRQHandler, 0x0)
                [!provide]                        PROVIDE (EXTI1_IRQHandler, 0x0)
                [!provide]                        PROVIDE (EXTI2_IRQHandler, 0x0)
                [!provide]                        PROVIDE (EXTI3_IRQHandler, 0x0)
                [!provide]                        PROVIDE (EXTI4_IRQHandler, 0x0)
                [!provide]                        PROVIDE (DMAChannel1_IRQHandler, 0x0)
                [!provide]                        PROVIDE (DMAChannel2_IRQHandler, 0x0)
                [!provide]                        PROVIDE (DMAChannel3_IRQHandler, 0x0)
                [!provide]                        PROVIDE (DMAChannel4_IRQHandler, 0x0)
                [!provide]                        PROVIDE (DMAChannel5_IRQHandler, 0x0)
                [!provide]                        PROVIDE (DMAChannel6_IRQHandler, 0x0)
                [!provide]                        PROVIDE (DMAChannel7_IRQHandler, 0x0)
                [!provide]                        PROVIDE (ADC_IRQHandler, 0x0)
                [!provide]                        PROVIDE (USB_HP_CAN_TX_IRQHandler, 0x0)
                [!provide]                        PROVIDE (USB_LP_CAN_RX0_IRQHandler, 0x0)
                [!provide]                        PROVIDE (CAN_RX1_IRQHandler, 0x0)
                [!provide]                        PROVIDE (CAN_SCE_IRQHandler, 0x0)
                [!provide]                        PROVIDE (EXTI9_5_IRQHandler, 0x0)
                [!provide]                        PROVIDE (TIM1_BRK_IRQHandler, 0x0)
                [!provide]                        PROVIDE (TIM1_UP_IRQHandler, 0x0)
                [!provide]                        PROVIDE (TIM1_TRG_COM_IRQHandler, 0x0)
                [!provide]                        PROVIDE (TIM1_CC_IRQHandler, 0x0)
                [!provide]                        PROVIDE (TIM2_IRQHandler, 0x0)
                [!provide]                        PROVIDE (TIM3_IRQHandler, 0x0)
                [!provide]                        PROVIDE (TIM4_IRQHandler, 0x0)
                [!provide]                        PROVIDE (I2C1_EV_IRQHandler, 0x0)
                [!provide]                        PROVIDE (I2C1_ER_IRQHandler, 0x0)
                [!provide]                        PROVIDE (I2C2_EV_IRQHandler, 0x0)
                [!provide]                        PROVIDE (I2C2_ER_IRQHandler, 0x0)
                [!provide]                        PROVIDE (SPI1_IRQHandler, 0x0)
                [!provide]                        PROVIDE (SPI2_IRQHandler, 0x0)
                [!provide]                        PROVIDE (USART1_IRQHandler, 0x0)
                [!provide]                        PROVIDE (USART2_IRQHandler, 0x0)
                [!provide]                        PROVIDE (USART3_IRQHandler, 0x0)
                [!provide]                        PROVIDE (EXTI15_10_IRQHandler, 0x0)
                [!provide]                        PROVIDE (RTCAlarm_IRQHandler, 0x0)
                [!provide]                        PROVIDE (USBWakeUp_IRQHandler, 0x0)
                0x0000000042000000                PERIPH_BB_BASE = 0x42000000
                0x0000000022000000                SRAM_BB_BASE = 0x22000000
                0x0000000020000000                SRAM_BASE = 0x20000000
                0x0000000040000000                PERIPH_BASE = 0x40000000
                [!provide]                        PROVIDE (FLASH_BASE, 0x40022000)
                [!provide]                        PROVIDE (OB_BASE, 0x1ffff800)
                0x0000000040000000                APB1PERIPH_BASE = PERIPH_BASE
                0x0000000040010000                APB2PERIPH_BASE = (PERIPH_BASE + 0x10000)
                0x0000000040020000                AHBPERIPH_BASE = (PERIPH_BASE + 0x20000)
                [!provide]                        PROVIDE (TIM2, (APB1PERIPH_BASE + 0x0))
                [!provide]                        PROVIDE (TIM3, (APB1PERIPH_BASE + 0x400))
                [!provide]                        PROVIDE (TIM4, (APB1PERIPH_BASE + 0x800))
                [!provide]                        PROVIDE (RTC, (APB1PERIPH_BASE + 0x2800))
                [!provide]                        PROVIDE (WWDG, (APB1PERIPH_BASE + 0x2c00))
                [!provide]                        PROVIDE (IWDG, (APB1PERIPH_BASE + 0x3000))
                [!provide]                        PROVIDE (SPI2, (APB1PERIPH_BASE + 0x3800))
                [!provide]                        PROVIDE (USART2, (APB1PERIPH_BASE + 0x4400))
                [!provide]                        PROVIDE (USART3, (APB1PERIPH_BASE + 0x4800))
                [!provide]                        PROVIDE (I2C1, (APB1PERIPH_BASE + 0x5400))
                [!provide]                        PROVIDE (I2C2, (APB1PERIPH_BASE + 0x5800))
                [!provide]                        PROVIDE (CAN, (APB1PERIPH_BASE + 0x6400))
                [!provide]                        PROVIDE (BKP, (APB1PERIPH_BASE + 0x6c00))
                [!provide]                        PROVIDE (PWR, (APB1PERIPH_BASE + 0x7000))
                [!provide]                        PROVIDE (AFIO, (APB2PERIPH_BASE + 0x0))
                [!provide]                        PROVIDE (EXTI, (APB2PERIPH_BASE + 0x400))
                [!provide]                        PROVIDE (GPIOA, (APB2PERIPH_BASE + 0x800))
                [!provide]                        PROVIDE (GPIOB, (APB2PERIPH_BASE + 0xc00))
                [!provide]                        PROVIDE (GPIOC, (APB2PERIPH_BASE + 0x1000))
                [!provide]                        PROVIDE (GPIOD, (APB2PERIPH_BASE + 0x1400))
                [!provide]                        PROVIDE (GPIOE, (APB2PERIPH_BASE + 0x1800))
                [!provide]                        PROVIDE (ADC1, (APB2PERIPH_BASE + 0x2400))
                [!provide]                        PROVIDE (ADC2, (APB2PERIPH_BASE + 0x2800))
                [!provide]                        PROVIDE (TIM1, (APB2PERIPH_BASE + 0x2c00))
                [!provide]                        PROVIDE (SPI1, (APB2PERIPH_BASE + 0x3000))
                [!provide]                        PROVIDE (USART1, (APB2PERIPH_BASE + 0x3800))
                [!provide]                        PROVIDE (DMA, (AHBPERIPH_BASE + 0x0))
                [!provide]                        PROVIDE (DMA_Channel1, (AHBPERIPH_BASE + 0x8))
                [!provide]                        PROVIDE (DMA_Channel2, (AHBPERIPH_BASE + 0x1c))
                [!provide]                        PROVIDE (DMA_Channel3, (AHBPERIPH_BASE + 0x30))
                [!provide]                        PROVIDE (DMA_Channel4, (AHBPERIPH_BASE + 0x44))
                [!provide]                        PROVIDE (DMA_Channel5, (AHBPERIPH_BASE + 0x58))
                [!provide]                        PROVIDE (DMA_Channel6, (AHBPERIPH_BASE + 0x6c))
                [!provide]                        PROVIDE (DMA_Channel7, (AHBPERIPH_BASE + 0x80))
                [!provide]                        PROVIDE (RCC, (AHBPERIPH_BASE + 0x1000))
                0x00000000e000e000                SCS_BASE = 0xe000e000
                [!provide]                        PROVIDE (SysTick, (SCS_BASE + 0x10))
                [!provide]                        PROVIDE (NVIC, (SCS_BASE + 0x100))
                [!provide]                        PROVIDE (SCB, (SCS_BASE + 0xd00))
                0x0000000020005000                _estack = 0x20005000

.isr_vector     0x0000000008000000        0x0
                0x0000000008000000                . = ALIGN (0x4)
 *(.isr_vector)
                0x0000000008000000                . = ALIGN (0x4)

.flashtext      0x0000000008000000        0x0
                0x0000000008000000                . = ALIGN (0x4)
 *(.flashtext)
                0x0000000008000000                . = ALIGN (0x4)

.text           0x0000000008000000        0x0
                0x0000000008000000                . = ALIGN (0x4)
 *(.text)
 *(.text.*)
 *(.rodata)
 *(.rodata*)
 *(.glue_7)
 .glue_7        0x0000000008000000        0x0 linker stubs
 *(.glue_7t)
 .glue_7t       0x0000000008000000        0x0 linker stubs
                0x0000000008000000                . = ALIGN (0x4)
                0x0000000008000000                _etext = .
                0x0000000008000000                _sidata = _etext

.vfp11_veneer   0x0000000008000000        0x0
 .vfp11_veneer  0x0000000008000000        0x0 linker stubs

.v4_bx          0x0000000008000000        0x0
 .v4_bx         0x0000000008000000        0x0 linker stubs

.init           0x0000000008000000        0xc
 .init          0x0000000008000000        0xc /usr/lib/gcc/arm-none-eabi/4.9.3/crti.o
                0x0000000008000000                _init

.fini           0x000000000800000c        0xc
 .fini          0x000000000800000c        0xc /usr/lib/gcc/arm-none-eabi/4.9.3/crti.o
                0x000000000800000c                _fini

.iplt           0x0000000008000018        0x0
 .iplt          0x0000000008000018        0x0 /usr/lib/gcc/arm-none-eabi/4.9.3/crtbegin.o

.rel.dyn        0x0000000008000018        0x0
 .rel.iplt      0x0000000008000018        0x0 /usr/lib/gcc/arm-none-eabi/4.9.3/crtbegin.o

.data           0x0000000020000000        0x0 load address 0x0000000008000000
                0x0000000020000000                . = ALIGN (0x4)
                0x0000000020000000                _sdata = .
 *(.data)
 *(.data.*)
                0x0000000020000000                . = ALIGN (0x4)
                0x0000000020000000                _edata = .

.igot.plt       0x0000000020000000        0x0
 .igot.plt      0x0000000020000000        0x0 /usr/lib/gcc/arm-none-eabi/4.9.3/crtbegin.o

.bss            0x0000000020000000        0x0
                0x0000000020000000                . = ALIGN (0x4)
                0x0000000020000000                _sbss = .
 *(.bss)
 *(COMMON)
                0x0000000020000000                . = ALIGN (0x4)
                0x0000000020000000                _ebss = .
                [!provide]                        PROVIDE (end, _ebss)
                [!provide]                        PROVIDE (_end, _ebss)

._usrstack      0x0000000020000000      0x100
                0x0000000020000000                . = ALIGN (0x4)
                0x0000000020000000                _susrstack = .
                0x0000000020000100                . = (. + _Minimum_Stack_Size)
 *fill*         0x0000000020000000      0x100 
                0x0000000020000100                . = ALIGN (0x4)
                0x0000000020000100                _eusrstack = .

.b1text
 *(.b1text)
 *(.b1rodata)
 *(.b1rodata*)

.eb0text
 *(.eb0text)
 *(.eb0rodata)
 *(.eb0rodata*)

.eb1text
 *(.eb1text)
 *(.eb1rodata)
 *(.eb1rodata*)

.eb2text
 *(.eb2text)
 *(.eb2rodata)
 *(.eb2rodata*)

.eb3text
 *(.eb3text)
 *(.eb3rodata)
 *(.eb3rodata*)
                0x0000000020000100                __exidx_start = .
                0x0000000020000100                __exidx_end = .

/DISCARD/
 libc.a(*)
 libm.a(*)
 libgcc.a(*)

.stab
 *(.stab)

.stabstr
 *(.stabstr)

.stab.excl
 *(.stab.excl)

.stab.exclstr
 *(.stab.exclstr)

.stab.index
 *(.stab.index)

.stab.indexstr
 *(.stab.indexstr)

.comment
 *(.comment)

.ARM.attributes
                0x0000000000000000       0x31
 .ARM.attributes
                0x0000000000000000       0x16 /usr/lib/gcc/arm-none-eabi/4.9.3/crti.o

.debug
 *(.debug)

.line
 *(.line)

.debug_srcinfo
 *(.debug_srcinfo)

.debug_sfnames
 *(.debug_sfnames)

.debug_aranges
 *(.debug_aranges)

.debug_pubnames
 *(.debug_pubnames)

.debug_info
 *(.debug_info .gnu.linkonce.wi.*)

.debug_abbrev
 *(.debug_abbrev)

.debug_line
 *(.debug_line)

.debug_frame
 *(.debug_frame)

.debug_str
 *(.debug_str)

.debug_loc
 *(.debug_loc)

.debug_macinfo
 *(.debug_macinfo)

.debug_weaknames
 *(.debug_weaknames)

.debug_funcnames
 *(.debug_funcnames)

.debug_typenames
 *(.debug_typenames)

.debug_varnames
 *(.debug_varnames)
OUTPUT(main elf32-littlearm)

Cross Reference Table

Symbol                                            File
Delay                                             main.o
FLASH_PrefetchBufferCmd                           main.o
FLASH_SetLatency                                  main.o
GPIO_Init                                         main.o
GPIO_InitStructure                                main.o
GPIO_ResetBits                                    main.o
GPIO_SetBits                                      main.o
HSEStartUpStatus                                  main.o
NVIC_Configuration                                main.o
NVIC_SetVectorTable                               main.o
RCC_APB2PeriphClockCmd                            main.o
RCC_Configuration                                 main.o
RCC_DeInit                                        main.o
RCC_GetFlagStatus                                 main.o
RCC_GetSYSCLKSource                               main.o
RCC_HCLKConfig                                    main.o
RCC_HSEConfig                                     main.o
RCC_PCLK1Config                                   main.o
RCC_PCLK2Config                                   main.o
RCC_PLLCmd                                        main.o
RCC_PLLConfig                                     main.o
RCC_SYSCLKConfig                                  main.o
RCC_WaitForHSEStartUp                             main.o
_ITM_deregisterTMCloneTable                       /usr/lib/gcc/arm-none-eabi/4.9.3/crtbegin.o
_ITM_registerTMCloneTable                         /usr/lib/gcc/arm-none-eabi/4.9.3/crtbegin.o
_Jv_RegisterClasses                               /usr/lib/gcc/arm-none-eabi/4.9.3/crtbegin.o
__TMC_END__                                       /usr/lib/gcc/arm-none-eabi/4.9.3/crtend.o
                                                  /usr/lib/gcc/arm-none-eabi/4.9.3/crtbegin.o
__bss_end__                                       /usr/lib/gcc/arm-none-eabi/4.9.3/../../../arm-none-eabi/lib/crt0.o
__bss_start__                                     /usr/lib/gcc/arm-none-eabi/4.9.3/../../../arm-none-eabi/lib/crt0.o
__call_exitprocs                                  /usr/lib/gcc/arm-none-eabi/4.9.3/../../../arm-none-eabi/lib/libc.a(lib_a-__call_atexit.o)
                                                  /usr/lib/gcc/arm-none-eabi/4.9.3/../../../arm-none-eabi/lib/libc.a(lib_a-exit.o)
__deregister_frame_info                           /usr/lib/gcc/arm-none-eabi/4.9.3/crtbegin.o
__dso_handle                                      /usr/lib/gcc/arm-none-eabi/4.9.3/crtbegin.o
__fini_array_end                                  /usr/lib/gcc/arm-none-eabi/4.9.3/../../../arm-none-eabi/lib/libc.a(lib_a-fini.o)
__fini_array_start                                /usr/lib/gcc/arm-none-eabi/4.9.3/../../../arm-none-eabi/lib/libc.a(lib_a-fini.o)
__init_array_end                                  /usr/lib/gcc/arm-none-eabi/4.9.3/../../../arm-none-eabi/lib/libc.a(lib_a-init.o)
__init_array_start                                /usr/lib/gcc/arm-none-eabi/4.9.3/../../../arm-none-eabi/lib/libc.a(lib_a-init.o)
__libc_fini                                       /usr/lib/gcc/arm-none-eabi/4.9.3/../../../arm-none-eabi/lib/libc.a(lib_a-__call_atexit.o)
__libc_fini_array                                 /usr/lib/gcc/arm-none-eabi/4.9.3/../../../arm-none-eabi/lib/libc.a(lib_a-fini.o)
                                                  /usr/lib/gcc/arm-none-eabi/4.9.3/../../../arm-none-eabi/lib/libc.a(lib_a-__call_atexit.o)
                                                  /usr/lib/gcc/arm-none-eabi/4.9.3/../../../arm-none-eabi/lib/crt0.o
__libc_init_array                                 /usr/lib/gcc/arm-none-eabi/4.9.3/../../../arm-none-eabi/lib/libc.a(lib_a-init.o)
                                                  /usr/lib/gcc/arm-none-eabi/4.9.3/../../../arm-none-eabi/lib/crt0.o
__preinit_array_end                               /usr/lib/gcc/arm-none-eabi/4.9.3/../../../arm-none-eabi/lib/libc.a(lib_a-init.o)
__preinit_array_start                             /usr/lib/gcc/arm-none-eabi/4.9.3/../../../arm-none-eabi/lib/libc.a(lib_a-init.o)
__register_exitproc                               /usr/lib/gcc/arm-none-eabi/4.9.3/../../../arm-none-eabi/lib/libc.a(lib_a-__atexit.o)
                                                  /usr/lib/gcc/arm-none-eabi/4.9.3/../../../arm-none-eabi/lib/libc.a(lib_a-atexit.o)
__register_frame_info                             /usr/lib/gcc/arm-none-eabi/4.9.3/crtbegin.o
__stack                                           /usr/lib/gcc/arm-none-eabi/4.9.3/../../../arm-none-eabi/lib/crt0.o
_exit                                             /usr/lib/gcc/arm-none-eabi/4.9.3/../../../arm-none-eabi/lib/libc.a(lib_a-exit.o)
_fini                                             /usr/lib/gcc/arm-none-eabi/4.9.3/crti.o
                                                  /usr/lib/gcc/arm-none-eabi/4.9.3/../../../arm-none-eabi/lib/libc.a(lib_a-fini.o)
_global_impure_ptr                                /usr/lib/gcc/arm-none-eabi/4.9.3/../../../arm-none-eabi/lib/libc.a(lib_a-impure.o)
                                                  /usr/lib/gcc/arm-none-eabi/4.9.3/../../../arm-none-eabi/lib/libc.a(lib_a-__call_atexit.o)
                                                  /usr/lib/gcc/arm-none-eabi/4.9.3/../../../arm-none-eabi/lib/libc.a(lib_a-__atexit.o)
                                                  /usr/lib/gcc/arm-none-eabi/4.9.3/../../../arm-none-eabi/lib/libc.a(lib_a-exit.o)
_impure_ptr                                       /usr/lib/gcc/arm-none-eabi/4.9.3/../../../arm-none-eabi/lib/libc.a(lib_a-impure.o)
_init                                             /usr/lib/gcc/arm-none-eabi/4.9.3/crti.o
                                                  /usr/lib/gcc/arm-none-eabi/4.9.3/../../../arm-none-eabi/lib/libc.a(lib_a-init.o)
_mainCRTStartup                                   /usr/lib/gcc/arm-none-eabi/4.9.3/../../../arm-none-eabi/lib/crt0.o
_start                                            /usr/lib/gcc/arm-none-eabi/4.9.3/../../../arm-none-eabi/lib/crt0.o
atexit                                            /usr/lib/gcc/arm-none-eabi/4.9.3/../../../arm-none-eabi/lib/libc.a(lib_a-atexit.o)
                                                  /usr/lib/gcc/arm-none-eabi/4.9.3/../../../arm-none-eabi/lib/libc.a(lib_a-__call_atexit.o)
                                                  /usr/lib/gcc/arm-none-eabi/4.9.3/../../../arm-none-eabi/lib/crt0.o
exit                                              /usr/lib/gcc/arm-none-eabi/4.9.3/../../../arm-none-eabi/lib/libc.a(lib_a-exit.o)
                                                  /usr/lib/gcc/arm-none-eabi/4.9.3/../../../arm-none-eabi/lib/crt0.o
free                                              /usr/lib/gcc/arm-none-eabi/4.9.3/../../../arm-none-eabi/lib/libc.a(lib_a-__call_atexit.o)
hardware_init_hook                                /usr/lib/gcc/arm-none-eabi/4.9.3/../../../arm-none-eabi/lib/crt0.o
main                                              main.o
                                                  /usr/lib/gcc/arm-none-eabi/4.9.3/../../../arm-none-eabi/lib/crt0.o
malloc                                            /usr/lib/gcc/arm-none-eabi/4.9.3/../../../arm-none-eabi/lib/libc.a(lib_a-__atexit.o)
memset                                            /usr/lib/gcc/arm-none-eabi/4.9.3/../../../arm-none-eabi/lib/libc.a(lib_a-memset.o)
                                                  /usr/lib/gcc/arm-none-eabi/4.9.3/../../../arm-none-eabi/lib/crt0.o
software_init_hook                                /usr/lib/gcc/arm-none-eabi/4.9.3/../../../arm-none-eabi/lib/crt0.o
