Archive member included to satisfy reference by file (symbol)

../libopencm3/lib/libopencm3_stm32f1.a(vector.o)
                              (reset_handler)

Merging object attributes


Discarded input sections

 .group         0x00000000        0xc bin/main.o
 .group         0x00000000        0xc bin/main.o
 .group         0x00000000        0xc bin/main.o
 .group         0x00000000        0xc bin/main.o
 .group         0x00000000        0xc bin/main.o
 .group         0x00000000        0xc bin/main.o
 .group         0x00000000        0xc bin/main.o
 .group         0x00000000        0xc bin/main.o
 .group         0x00000000        0xc bin/main.o
 .group         0x00000000        0xc bin/main.o
 .text          0x00000000        0x0 bin/main.o
 .data          0x00000000        0x0 bin/main.o
 .bss           0x00000000        0x0 bin/main.o
 .group         0x00000000        0xc bin/init/init_rcc.o
 .group         0x00000000        0xc bin/init/init_rcc.o
 .group         0x00000000        0xc bin/init/init_rcc.o
 .group         0x00000000        0xc bin/init/init_rcc.o
 .group         0x00000000        0xc bin/init/init_rcc.o
 .group         0x00000000        0xc bin/init/init_rcc.o
 .group         0x00000000        0xc bin/init/init_rcc.o
 .group         0x00000000        0xc bin/init/init_rcc.o
 .text          0x00000000        0x0 bin/init/init_rcc.o
 .data          0x00000000        0x0 bin/init/init_rcc.o
 .bss           0x00000000        0x0 bin/init/init_rcc.o
 .text.setup_rcc_1khz
                0x00000000        0x2 bin/init/init_rcc.o
 .text.setup_rcc_72mhz
                0x00000000       0x78 bin/init/init_rcc.o
 .debug_macro   0x00000000      0xade bin/init/init_rcc.o
 .debug_macro   0x00000000       0x22 bin/init/init_rcc.o
 .debug_macro   0x00000000       0x56 bin/init/init_rcc.o
 .debug_macro   0x00000000       0x51 bin/init/init_rcc.o
 .debug_macro   0x00000000      0x103 bin/init/init_rcc.o
 .debug_macro   0x00000000       0x6a bin/init/init_rcc.o
 .debug_macro   0x00000000      0x1df bin/init/init_rcc.o
 .group         0x00000000        0xc bin/init/gpio.o
 .group         0x00000000        0xc bin/init/gpio.o
 .group         0x00000000        0xc bin/init/gpio.o
 .group         0x00000000        0xc bin/init/gpio.o
 .group         0x00000000        0xc bin/init/gpio.o
 .group         0x00000000        0xc bin/init/gpio.o
 .group         0x00000000        0xc bin/init/gpio.o
 .group         0x00000000        0xc bin/init/gpio.o
 .group         0x00000000        0xc bin/init/gpio.o
 .text          0x00000000        0x0 bin/init/gpio.o
 .data          0x00000000        0x0 bin/init/gpio.o
 .bss           0x00000000        0x0 bin/init/gpio.o
 .debug_macro   0x00000000      0xade bin/init/gpio.o
 .debug_macro   0x00000000       0x22 bin/init/gpio.o
 .debug_macro   0x00000000       0x22 bin/init/gpio.o
 .debug_macro   0x00000000       0x56 bin/init/gpio.o
 .debug_macro   0x00000000       0x51 bin/init/gpio.o
 .debug_macro   0x00000000      0x103 bin/init/gpio.o
 .debug_macro   0x00000000       0x6a bin/init/gpio.o
 .debug_macro   0x00000000      0x1df bin/init/gpio.o
 .debug_macro   0x00000000       0x22 bin/init/gpio.o
 .group         0x00000000        0xc ../libopencm3/lib/libopencm3_stm32f1.a(vector.o)
 .group         0x00000000        0xc ../libopencm3/lib/libopencm3_stm32f1.a(vector.o)
 .group         0x00000000        0xc ../libopencm3/lib/libopencm3_stm32f1.a(vector.o)
 .group         0x00000000        0xc ../libopencm3/lib/libopencm3_stm32f1.a(vector.o)
 .group         0x00000000        0xc ../libopencm3/lib/libopencm3_stm32f1.a(vector.o)
 .group         0x00000000        0xc ../libopencm3/lib/libopencm3_stm32f1.a(vector.o)
 .group         0x00000000        0xc ../libopencm3/lib/libopencm3_stm32f1.a(vector.o)
 .group         0x00000000        0xc ../libopencm3/lib/libopencm3_stm32f1.a(vector.o)
 .group         0x00000000        0xc ../libopencm3/lib/libopencm3_stm32f1.a(vector.o)
 .group         0x00000000        0xc ../libopencm3/lib/libopencm3_stm32f1.a(vector.o)
 .group         0x00000000        0xc ../libopencm3/lib/libopencm3_stm32f1.a(vector.o)
 .group         0x00000000        0xc ../libopencm3/lib/libopencm3_stm32f1.a(vector.o)
 .group         0x00000000        0xc ../libopencm3/lib/libopencm3_stm32f1.a(vector.o)
 .group         0x00000000        0xc ../libopencm3/lib/libopencm3_stm32f1.a(vector.o)
 .text          0x00000000        0x0 ../libopencm3/lib/libopencm3_stm32f1.a(vector.o)
 .data          0x00000000        0x0 ../libopencm3/lib/libopencm3_stm32f1.a(vector.o)
 .bss           0x00000000        0x0 ../libopencm3/lib/libopencm3_stm32f1.a(vector.o)
 .debug_macro   0x00000000       0x22 ../libopencm3/lib/libopencm3_stm32f1.a(vector.o)
 .debug_macro   0x00000000       0x56 ../libopencm3/lib/libopencm3_stm32f1.a(vector.o)
 .debug_macro   0x00000000       0x51 ../libopencm3/lib/libopencm3_stm32f1.a(vector.o)
 .debug_macro   0x00000000      0x103 ../libopencm3/lib/libopencm3_stm32f1.a(vector.o)
 .debug_macro   0x00000000       0x6a ../libopencm3/lib/libopencm3_stm32f1.a(vector.o)
 .debug_macro   0x00000000      0x1df ../libopencm3/lib/libopencm3_stm32f1.a(vector.o)
 .debug_macro   0x00000000       0x22 ../libopencm3/lib/libopencm3_stm32f1.a(vector.o)

Memory Configuration

Name             Origin             Length             Attributes
ram              0x20000000         0x00005000         xrw
rom              0x08000000         0x00010000         xr
*default*        0x00000000         0xffffffff

Linker script and memory map

LOAD bin/main.o
LOAD bin/init/init_rcc.o
LOAD bin/init/gpio.o
LOAD ../libopencm3/lib/libopencm3_stm32f1.a
START GROUP
LOAD /usr/lib/gcc/arm-none-eabi/16.2.0/../../../../arm-none-eabi/lib/thumb/v7-m/nofp/libc_nano.a
LOAD /usr/lib/gcc/arm-none-eabi/16.2.0/thumb/v7-m/nofp/libgcc.a
LOAD /usr/lib/gcc/arm-none-eabi/16.2.0/../../../../arm-none-eabi/lib/thumb/v7-m/nofp/libnosys.a
END GROUP
START GROUP
LOAD /usr/lib/gcc/arm-none-eabi/16.2.0/thumb/v7-m/nofp/libgcc.a
LOAD /usr/lib/gcc/arm-none-eabi/16.2.0/../../../../arm-none-eabi/lib/thumb/v7-m/nofp/libc_nano.a
END GROUP
START GROUP
LOAD /usr/lib/gcc/arm-none-eabi/16.2.0/thumb/v7-m/nofp/libgcc.a
LOAD /usr/lib/gcc/arm-none-eabi/16.2.0/../../../../arm-none-eabi/lib/thumb/v7-m/nofp/libc_nano.a
END GROUP

.text           0x08000000      0x2d4
 *(.vectors)
 .vectors       0x08000000      0x150 ../libopencm3/lib/libopencm3_stm32f1.a(vector.o)
                0x08000000                vector_table
 *(.text*)
 .text.startup.main
                0x08000150       0x40 bin/main.o
                0x08000150                main
 .text.setup_rcc_8mhz
                0x08000190       0x50 bin/init/init_rcc.o
                0x08000190                setup_rcc_8mhz
 .text.enable_mco
                0x080001e0       0x2c bin/init/gpio.o
                0x080001e0                enable_mco
 .text.gpio_setup
                0x0800020c       0x18 bin/init/gpio.o
                0x0800020c                gpio_setup
 .text.set_led_state
                0x08000224       0x18 bin/init/gpio.o
                0x08000224                set_led_state
 .text.blocking_handler
                0x0800023c        0x2 ../libopencm3/lib/libopencm3_stm32f1.a(vector.o)
                0x0800023c                usart3_isr
                0x0800023c                rtc_isr
                0x0800023c                tim7_isr
                0x0800023c                adc1_2_isr
                0x0800023c                tim1_trg_com_isr
                0x0800023c                usb_hp_can_tx_isr
                0x0800023c                tim6_isr
                0x0800023c                usb_wakeup_isr
                0x0800023c                blocking_handler
                0x0800023c                tim5_isr
                0x0800023c                otg_fs_isr
                0x0800023c                spi1_isr
                0x0800023c                exti2_isr
                0x0800023c                dma1_channel6_isr
                0x0800023c                can_rx1_isr
                0x0800023c                dma1_channel5_isr
                0x0800023c                dma2_channel5_isr
                0x0800023c                usart1_isr
                0x0800023c                usage_fault_handler
                0x0800023c                tim8_trg_com_isr
                0x0800023c                can2_rx0_isr
                0x0800023c                tim1_brk_isr
                0x0800023c                can2_rx1_isr
                0x0800023c                tim1_cc_isr
                0x0800023c                sdio_isr
                0x0800023c                eth_isr
                0x0800023c                dma1_channel4_isr
                0x0800023c                tim8_brk_isr
                0x0800023c                dma2_channel4_5_isr
                0x0800023c                pvd_isr
                0x0800023c                rcc_isr
                0x0800023c                flash_isr
                0x0800023c                uart4_isr
                0x0800023c                rtc_alarm_isr
                0x0800023c                exti15_10_isr
                0x0800023c                hard_fault_handler
                0x0800023c                exti1_isr
                0x0800023c                i2c1_ev_isr
                0x0800023c                dma2_channel1_isr
                0x0800023c                spi2_isr
                0x0800023c                tim8_up_isr
                0x0800023c                dma2_channel2_isr
                0x0800023c                exti3_isr
                0x0800023c                adc3_isr
                0x0800023c                tim3_isr
                0x0800023c                usart2_isr
                0x0800023c                usb_lp_can_rx0_isr
                0x0800023c                i2c2_er_isr
                0x0800023c                i2c2_ev_isr
                0x0800023c                uart5_isr
                0x0800023c                fsmc_isr
                0x0800023c                dma1_channel1_isr
                0x0800023c                exti4_isr
                0x0800023c                mem_manage_handler
                0x0800023c                can2_tx_isr
                0x0800023c                exti9_5_isr
                0x0800023c                dma2_channel3_isr
                0x0800023c                dma1_channel7_isr
                0x0800023c                tim1_up_isr
                0x0800023c                can2_sce_isr
                0x0800023c                tim4_isr
                0x0800023c                dma1_channel2_isr
                0x0800023c                i2c1_er_isr
                0x0800023c                can_sce_isr
                0x0800023c                tim8_cc_isr
                0x0800023c                tamper_isr
                0x0800023c                eth_wkup_isr
                0x0800023c                bus_fault_handler
                0x0800023c                wwdg_isr
                0x0800023c                dma1_channel3_isr
                0x0800023c                spi3_isr
                0x0800023c                tim2_isr
                0x0800023c                exti0_isr
 .text.null_handler
                0x0800023e        0x2 ../libopencm3/lib/libopencm3_stm32f1.a(vector.o)
                0x0800023e                null_handler
                0x0800023e                sv_call_handler
                0x0800023e                pend_sv_handler
                0x0800023e                debug_monitor_handler
                0x0800023e                sys_tick_handler
                0x0800023e                nmi_handler
 .text.reset_handler
                0x08000240       0x94 ../libopencm3/lib/libopencm3_stm32f1.a(vector.o)
                0x08000240                reset_handler
                0x080002d4                        . = ALIGN (0x4)
 *(.rodata*)
                0x080002d4                        . = ALIGN (0x4)

.glue_7         0x080002d4        0x0
 .glue_7        0x080002d4        0x0 linker stubs

.glue_7t        0x080002d4        0x0
 .glue_7t       0x080002d4        0x0 linker stubs

.vfp11_veneer   0x080002d4        0x0
 .vfp11_veneer  0x080002d4        0x0 linker stubs

.v4_bx          0x080002d4        0x0
 .v4_bx         0x080002d4        0x0 linker stubs

.iplt           0x080002d4        0x0
 .iplt          0x080002d4        0x0 bin/main.o

.rel.dyn        0x080002d4        0x0
 .rel.iplt      0x080002d4        0x0 bin/main.o

.preinit_array  0x080002d4        0x0
                0x080002d4                        . = ALIGN (0x4)
                0x080002d4                        __preinit_array_start = .
 *(.preinit_array)
                0x080002d4                        __preinit_array_end = .

.init_array     0x080002d4        0x0
                0x080002d4                        . = ALIGN (0x4)
                0x080002d4                        __init_array_start = .
 *(SORT_BY_NAME(.init_array.*))
 *(.init_array)
                0x080002d4                        __init_array_end = .

.fini_array     0x080002d4        0x0
                0x080002d4                        . = ALIGN (0x4)
                0x080002d4                        __fini_array_start = .
 *(.fini_array)
 *(SORT_BY_NAME(.fini_array.*))
                0x080002d4                        __fini_array_end = .

.ARM.extab
 *(.ARM.extab*)

.ARM.exidx      0x080002d4        0x0
                0x080002d4                        __exidx_start = .
 *(.ARM.exidx*)
                0x080002d4                        __exidx_end = .
                0x080002d4                        . = ALIGN (0x4)
                0x080002d4                        _etext = .

.noinit
 *(.noinit*)
                0x080002d4                        . = ALIGN (0x4)

.data           0x20000000        0x0 load address 0x080002d4
                0x20000000                        _data = .
 *(.data*)
 *(.ramtext*)
                0x20000000                        . = ALIGN (0x4)
                0x20000000                        _edata = .
                0x080002d4                        _data_loadaddr = LOADADDR (.data)

.igot.plt       0x20000000        0x0 load address 0x080002d4
 .igot.plt      0x20000000        0x0 bin/main.o

.bss            0x20000000        0x0 load address 0x080002d4
 *(.bss*)
 *(COMMON)
                0x20000000                        . = ALIGN (0x4)
                0x20000000                        _ebss = .

/DISCARD/
 *(.eh_frame)
                0x20000000                        . = ALIGN (0x4)
                0x20000000                        end = .
                0x20005000                        PROVIDE (_stack = (ORIGIN (ram) + LENGTH (ram)))
OUTPUT(app.elf elf32-littlearm)
LOAD linker stubs

.debug_info     0x00000000      0x640
 .debug_info    0x00000000      0x18e bin/main.o
 .debug_info    0x0000018e      0x119 bin/init/init_rcc.o
 .debug_info    0x000002a7       0xd5 bin/init/gpio.o
 .debug_info    0x0000037c      0x2c4 ../libopencm3/lib/libopencm3_stm32f1.a(vector.o)

.debug_abbrev   0x00000000      0x376
 .debug_abbrev  0x00000000      0x127 bin/main.o
 .debug_abbrev  0x00000127       0x84 bin/init/init_rcc.o
 .debug_abbrev  0x000001ab       0x82 bin/init/gpio.o
 .debug_abbrev  0x0000022d      0x149 ../libopencm3/lib/libopencm3_stm32f1.a(vector.o)

.debug_loclists
                0x00000000       0xdc
 .debug_loclists
                0x00000000       0x34 bin/main.o
 .debug_loclists
                0x00000034       0xa8 ../libopencm3/lib/libopencm3_stm32f1.a(vector.o)

.debug_aranges  0x00000000       0xb0
 .debug_aranges
                0x00000000       0x20 bin/main.o
 .debug_aranges
                0x00000020       0x30 bin/init/init_rcc.o
 .debug_aranges
                0x00000050       0x30 bin/init/gpio.o
 .debug_aranges
                0x00000080       0x30 ../libopencm3/lib/libopencm3_stm32f1.a(vector.o)

.debug_rnglists
                0x00000000       0x80
 .debug_rnglists
                0x00000000       0x22 bin/main.o
 .debug_rnglists
                0x00000022       0x1f bin/init/init_rcc.o
 .debug_rnglists
                0x00000041       0x1f bin/init/gpio.o
 .debug_rnglists
                0x00000060       0x20 ../libopencm3/lib/libopencm3_stm32f1.a(vector.o)

.debug_macro    0x00000000     0x23dc
 .debug_macro   0x00000000       0x84 bin/main.o
 .debug_macro   0x00000084      0xade bin/main.o
 .debug_macro   0x00000b62       0x22 bin/main.o
 .debug_macro   0x00000b84       0x56 bin/main.o
 .debug_macro   0x00000bda       0x51 bin/main.o
 .debug_macro   0x00000c2b      0x103 bin/main.o
 .debug_macro   0x00000d2e       0x6a bin/main.o
 .debug_macro   0x00000d98      0x1df bin/main.o
 .debug_macro   0x00000f77       0x3a bin/main.o
 .debug_macro   0x00000fb1       0x22 bin/main.o
 .debug_macro   0x00000fd3       0x22 bin/main.o
 .debug_macro   0x00000ff5       0x72 bin/init/init_rcc.o
 .debug_macro   0x00001067       0x34 bin/init/init_rcc.o
 .debug_macro   0x0000109b       0x7b bin/init/gpio.o
 .debug_macro   0x00001116       0xcf ../libopencm3/lib/libopencm3_stm32f1.a(vector.o)
 .debug_macro   0x000011e5      0xad8 ../libopencm3/lib/libopencm3_stm32f1.a(vector.o)
 .debug_macro   0x00001cbd       0x76 ../libopencm3/lib/libopencm3_stm32f1.a(vector.o)
 .debug_macro   0x00001d33       0x1c ../libopencm3/lib/libopencm3_stm32f1.a(vector.o)
 .debug_macro   0x00001d4f       0xe8 ../libopencm3/lib/libopencm3_stm32f1.a(vector.o)
 .debug_macro   0x00001e37      0x395 ../libopencm3/lib/libopencm3_stm32f1.a(vector.o)
 .debug_macro   0x000021cc       0x6e ../libopencm3/lib/libopencm3_stm32f1.a(vector.o)
 .debug_macro   0x0000223a      0x1a2 ../libopencm3/lib/libopencm3_stm32f1.a(vector.o)

.debug_line     0x00000000      0x977
 .debug_line    0x00000000      0x1db bin/main.o
 .debug_line    0x000001db      0x28a bin/init/init_rcc.o
 .debug_line    0x00000465      0x1ba bin/init/gpio.o
 .debug_line    0x0000061f      0x358 ../libopencm3/lib/libopencm3_stm32f1.a(vector.o)

.debug_str      0x00000000     0x693c
 .debug_str     0x00000000     0x693c bin/main.o
                               0x3f75 (size before relaxing)
 .debug_str     0x0000693c        0x0 bin/init/init_rcc.o
                               0x3e61 (size before relaxing)
 .debug_str     0x0000693c        0x0 bin/init/gpio.o
                               0x3e25 (size before relaxing)
 .debug_str     0x0000693c        0x0 ../libopencm3/lib/libopencm3_stm32f1.a(vector.o)
                               0x67c8 (size before relaxing)

.comment        0x00000000       0x1e
 .comment       0x00000000       0x1e bin/main.o
                                 0x1f (size before relaxing)
 .comment       0x0000001e        0x0 bin/init/init_rcc.o
                                 0x1f (size before relaxing)
 .comment       0x0000001e        0x0 bin/init/gpio.o
                                 0x1f (size before relaxing)
 .comment       0x0000001e        0x0 ../libopencm3/lib/libopencm3_stm32f1.a(vector.o)
                                 0x1f (size before relaxing)

.ARM.attributes
                0x00000000       0x2d
 .ARM.attributes
                0x00000000       0x2d bin/main.o
 .ARM.attributes
                0x0000002d       0x2d bin/init/init_rcc.o
 .ARM.attributes
                0x0000005a       0x2d bin/init/gpio.o
 .ARM.attributes
                0x00000087       0x2d ../libopencm3/lib/libopencm3_stm32f1.a(vector.o)

.debug_frame    0x00000000       0xf4
 .debug_frame   0x00000000       0x28 bin/main.o
 .debug_frame   0x00000028       0x40 bin/init/init_rcc.o
 .debug_frame   0x00000068       0x40 bin/init/gpio.o
 .debug_frame   0x000000a8       0x4c ../libopencm3/lib/libopencm3_stm32f1.a(vector.o)
