Archive member included to satisfy reference by file (symbol)

../libopencm3/lib/libopencm3_stm32f1.a(vector.o)
                              (reset_handler)

Discarded input sections

 .group         0x00000000        0xc bin/main.o
 .group         0x00000000        0xc bin/main.o
 .text          0x00000000        0x0 bin/main.o
 .data          0x00000000        0x0 bin/main.o
 .bss           0x00000000        0x0 bin/main.o
 .group         0x00000000        0xc ../libopencm3/lib/libopencm3_stm32f1.a(vector.o)
 .group         0x00000000        0xc ../libopencm3/lib/libopencm3_stm32f1.a(vector.o)
 .group         0x00000000        0xc ../libopencm3/lib/libopencm3_stm32f1.a(vector.o)
 .group         0x00000000        0xc ../libopencm3/lib/libopencm3_stm32f1.a(vector.o)
 .group         0x00000000        0xc ../libopencm3/lib/libopencm3_stm32f1.a(vector.o)
 .group         0x00000000        0xc ../libopencm3/lib/libopencm3_stm32f1.a(vector.o)
 .group         0x00000000        0xc ../libopencm3/lib/libopencm3_stm32f1.a(vector.o)
 .group         0x00000000        0xc ../libopencm3/lib/libopencm3_stm32f1.a(vector.o)
 .group         0x00000000        0xc ../libopencm3/lib/libopencm3_stm32f1.a(vector.o)
 .group         0x00000000        0xc ../libopencm3/lib/libopencm3_stm32f1.a(vector.o)
 .group         0x00000000        0xc ../libopencm3/lib/libopencm3_stm32f1.a(vector.o)
 .group         0x00000000        0xc ../libopencm3/lib/libopencm3_stm32f1.a(vector.o)
 .group         0x00000000        0xc ../libopencm3/lib/libopencm3_stm32f1.a(vector.o)
 .group         0x00000000        0xc ../libopencm3/lib/libopencm3_stm32f1.a(vector.o)
 .text          0x00000000        0x0 ../libopencm3/lib/libopencm3_stm32f1.a(vector.o)
 .data          0x00000000        0x0 ../libopencm3/lib/libopencm3_stm32f1.a(vector.o)
 .bss           0x00000000        0x0 ../libopencm3/lib/libopencm3_stm32f1.a(vector.o)

Memory Configuration

Name             Origin             Length             Attributes
ram              0x20000000         0x00005000         xrw
rom              0x08000000         0x00010000         xr
*default*        0x00000000         0xffffffff

Linker script and memory map

LOAD bin/main.o
LOAD ../libopencm3/lib/libopencm3_stm32f1.a
START GROUP
LOAD /usr/lib/gcc/arm-none-eabi/14.2.0/../../../../arm-none-eabi/lib/thumb/v7-m/nofp/libc_nano.a
LOAD /usr/lib/gcc/arm-none-eabi/14.2.0/thumb/v7-m/nofp/libgcc.a
LOAD /usr/lib/gcc/arm-none-eabi/14.2.0/../../../../arm-none-eabi/lib/thumb/v7-m/nofp/libnosys.a
END GROUP
START GROUP
LOAD /usr/lib/gcc/arm-none-eabi/14.2.0/thumb/v7-m/nofp/libgcc.a
LOAD /usr/lib/gcc/arm-none-eabi/14.2.0/../../../../arm-none-eabi/lib/thumb/v7-m/nofp/libc_nano.a
END GROUP
START GROUP
LOAD /usr/lib/gcc/arm-none-eabi/14.2.0/thumb/v7-m/nofp/libgcc.a
LOAD /usr/lib/gcc/arm-none-eabi/14.2.0/../../../../arm-none-eabi/lib/thumb/v7-m/nofp/libc_nano.a
END GROUP

.text           0x08000000      0x238
 *(.vectors)
 .vectors       0x08000000      0x150 ../libopencm3/lib/libopencm3_stm32f1.a(vector.o)
                0x08000000                vector_table
 *(.text*)
 .text.startup.main
                0x08000150       0x50 bin/main.o
                0x08000150                main
 .text.blocking_handler
                0x080001a0        0x2 ../libopencm3/lib/libopencm3_stm32f1.a(vector.o)
                0x080001a0                usart3_isr
                0x080001a0                rtc_isr
                0x080001a0                tim7_isr
                0x080001a0                adc1_2_isr
                0x080001a0                tim1_trg_com_isr
                0x080001a0                usb_hp_can_tx_isr
                0x080001a0                tim6_isr
                0x080001a0                usb_wakeup_isr
                0x080001a0                blocking_handler
                0x080001a0                tim5_isr
                0x080001a0                otg_fs_isr
                0x080001a0                spi1_isr
                0x080001a0                exti2_isr
                0x080001a0                dma1_channel6_isr
                0x080001a0                can_rx1_isr
                0x080001a0                dma1_channel5_isr
                0x080001a0                dma2_channel5_isr
                0x080001a0                usart1_isr
                0x080001a0                usage_fault_handler
                0x080001a0                tim8_trg_com_isr
                0x080001a0                can2_rx0_isr
                0x080001a0                tim1_brk_isr
                0x080001a0                can2_rx1_isr
                0x080001a0                tim1_cc_isr
                0x080001a0                sdio_isr
                0x080001a0                eth_isr
                0x080001a0                dma1_channel4_isr
                0x080001a0                tim8_brk_isr
                0x080001a0                dma2_channel4_5_isr
                0x080001a0                pvd_isr
                0x080001a0                rcc_isr
                0x080001a0                flash_isr
                0x080001a0                uart4_isr
                0x080001a0                rtc_alarm_isr
                0x080001a0                exti15_10_isr
                0x080001a0                hard_fault_handler
                0x080001a0                exti1_isr
                0x080001a0                i2c1_ev_isr
                0x080001a0                dma2_channel1_isr
                0x080001a0                spi2_isr
                0x080001a0                tim8_up_isr
                0x080001a0                dma2_channel2_isr
                0x080001a0                exti3_isr
                0x080001a0                adc3_isr
                0x080001a0                tim3_isr
                0x080001a0                usart2_isr
                0x080001a0                usb_lp_can_rx0_isr
                0x080001a0                i2c2_er_isr
                0x080001a0                i2c2_ev_isr
                0x080001a0                uart5_isr
                0x080001a0                fsmc_isr
                0x080001a0                dma1_channel1_isr
                0x080001a0                exti4_isr
                0x080001a0                mem_manage_handler
                0x080001a0                can2_tx_isr
                0x080001a0                exti9_5_isr
                0x080001a0                dma2_channel3_isr
                0x080001a0                dma1_channel7_isr
                0x080001a0                tim1_up_isr
                0x080001a0                can2_sce_isr
                0x080001a0                tim4_isr
                0x080001a0                dma1_channel2_isr
                0x080001a0                i2c1_er_isr
                0x080001a0                can_sce_isr
                0x080001a0                tim8_cc_isr
                0x080001a0                tamper_isr
                0x080001a0                eth_wkup_isr
                0x080001a0                bus_fault_handler
                0x080001a0                wwdg_isr
                0x080001a0                dma1_channel3_isr
                0x080001a0                spi3_isr
                0x080001a0                tim2_isr
                0x080001a0                exti0_isr
 .text.null_handler
                0x080001a2        0x2 ../libopencm3/lib/libopencm3_stm32f1.a(vector.o)
                0x080001a2                null_handler
                0x080001a2                sv_call_handler
                0x080001a2                pend_sv_handler
                0x080001a2                debug_monitor_handler
                0x080001a2                sys_tick_handler
                0x080001a2                nmi_handler
 .text.reset_handler
                0x080001a4       0x94 ../libopencm3/lib/libopencm3_stm32f1.a(vector.o)
                0x080001a4                reset_handler
                0x08000238                        . = ALIGN (0x4)
 *(.rodata*)
                0x08000238                        . = ALIGN (0x4)

.glue_7         0x08000238        0x0
 .glue_7        0x08000238        0x0 linker stubs

.glue_7t        0x08000238        0x0
 .glue_7t       0x08000238        0x0 linker stubs

.vfp11_veneer   0x08000238        0x0
 .vfp11_veneer  0x08000238        0x0 linker stubs

.v4_bx          0x08000238        0x0
 .v4_bx         0x08000238        0x0 linker stubs

.iplt           0x08000238        0x0
 .iplt          0x08000238        0x0 bin/main.o

.rel.dyn        0x08000238        0x0
 .rel.iplt      0x08000238        0x0 bin/main.o

.preinit_array  0x08000238        0x0
                0x08000238                        . = ALIGN (0x4)
                0x08000238                        __preinit_array_start = .
 *(.preinit_array)
                0x08000238                        __preinit_array_end = .

.init_array     0x08000238        0x0
                0x08000238                        . = ALIGN (0x4)
                0x08000238                        __init_array_start = .
 *(SORT_BY_NAME(.init_array.*))
 *(.init_array)
                0x08000238                        __init_array_end = .

.fini_array     0x08000238        0x0
                0x08000238                        . = ALIGN (0x4)
                0x08000238                        __fini_array_start = .
 *(.fini_array)
 *(SORT_BY_NAME(.fini_array.*))
                0x08000238                        __fini_array_end = .

.ARM.extab
 *(.ARM.extab*)

.ARM.exidx      0x08000238        0x0
                0x08000238                        __exidx_start = .
 *(.ARM.exidx*)
                0x08000238                        __exidx_end = .
                0x08000238                        . = ALIGN (0x4)
                0x08000238                        _etext = .

.noinit
 *(.noinit*)
                0x08000238                        . = ALIGN (0x4)

.data           0x20000000        0x0 load address 0x08000238
                0x20000000                        _data = .
 *(.data*)
 *(.ramtext*)
                0x20000000                        . = ALIGN (0x4)
                0x20000000                        _edata = .
                0x08000238                        _data_loadaddr = LOADADDR (.data)

.igot.plt       0x20000000        0x0 load address 0x08000238
 .igot.plt      0x20000000        0x0 bin/main.o

.bss            0x20000000        0x0 load address 0x08000238
 *(.bss*)
 *(COMMON)
                0x20000000                        . = ALIGN (0x4)
                0x20000000                        _ebss = .

/DISCARD/
 *(.eh_frame)
                0x20000000                        . = ALIGN (0x4)
                0x20000000                        end = .
                0x20005000                        PROVIDE (_stack = (ORIGIN (ram) + LENGTH (ram)))
OUTPUT(app.elf elf32-littlearm)
LOAD linker stubs

.debug_info     0x00000000      0x3d8
 .debug_info    0x00000000      0x114 bin/main.o
 .debug_info    0x00000114      0x2c4 ../libopencm3/lib/libopencm3_stm32f1.a(vector.o)

.debug_abbrev   0x00000000      0x264
 .debug_abbrev  0x00000000      0x11b bin/main.o
 .debug_abbrev  0x0000011b      0x149 ../libopencm3/lib/libopencm3_stm32f1.a(vector.o)

.debug_loclists
                0x00000000       0xdc
 .debug_loclists
                0x00000000       0x34 bin/main.o
 .debug_loclists
                0x00000034       0xa8 ../libopencm3/lib/libopencm3_stm32f1.a(vector.o)

.debug_aranges  0x00000000       0x50
 .debug_aranges
                0x00000000       0x20 bin/main.o
 .debug_aranges
                0x00000020       0x30 ../libopencm3/lib/libopencm3_stm32f1.a(vector.o)

.debug_rnglists
                0x00000000       0x4e
 .debug_rnglists
                0x00000000       0x2e bin/main.o
 .debug_rnglists
                0x0000002e       0x20 ../libopencm3/lib/libopencm3_stm32f1.a(vector.o)

.debug_macro    0x00000000     0x221b
 .debug_macro   0x00000000       0x24 bin/main.o
 .debug_macro   0x00000024      0xac6 bin/main.o
 .debug_macro   0x00000aea       0x4c bin/main.o
 .debug_macro   0x00000b36       0xcf ../libopencm3/lib/libopencm3_stm32f1.a(vector.o)
 .debug_macro   0x00000c05      0xac0 ../libopencm3/lib/libopencm3_stm32f1.a(vector.o)
 .debug_macro   0x000016c5       0x76 ../libopencm3/lib/libopencm3_stm32f1.a(vector.o)
 .debug_macro   0x0000173b       0x1c ../libopencm3/lib/libopencm3_stm32f1.a(vector.o)
 .debug_macro   0x00001757       0x22 ../libopencm3/lib/libopencm3_stm32f1.a(vector.o)
 .debug_macro   0x00001779       0x56 ../libopencm3/lib/libopencm3_stm32f1.a(vector.o)
 .debug_macro   0x000017cf       0x51 ../libopencm3/lib/libopencm3_stm32f1.a(vector.o)
 .debug_macro   0x00001820      0x103 ../libopencm3/lib/libopencm3_stm32f1.a(vector.o)
 .debug_macro   0x00001923       0x6a ../libopencm3/lib/libopencm3_stm32f1.a(vector.o)
 .debug_macro   0x0000198d      0x1df ../libopencm3/lib/libopencm3_stm32f1.a(vector.o)
 .debug_macro   0x00001b6c       0x22 ../libopencm3/lib/libopencm3_stm32f1.a(vector.o)
 .debug_macro   0x00001b8e       0xe8 ../libopencm3/lib/libopencm3_stm32f1.a(vector.o)
 .debug_macro   0x00001c76      0x395 ../libopencm3/lib/libopencm3_stm32f1.a(vector.o)
 .debug_macro   0x0000200b       0x6e ../libopencm3/lib/libopencm3_stm32f1.a(vector.o)
 .debug_macro   0x00002079      0x1a2 ../libopencm3/lib/libopencm3_stm32f1.a(vector.o)

.debug_line     0x00000000      0x453
 .debug_line    0x00000000      0x103 bin/main.o
 .debug_line    0x00000103      0x350 ../libopencm3/lib/libopencm3_stm32f1.a(vector.o)

.debug_str      0x00000000     0x6820
 .debug_str     0x00000000     0x6820 bin/main.o
                               0x2fd6 (size before relaxing)
 .debug_str     0x00006820     0x676a ../libopencm3/lib/libopencm3_stm32f1.a(vector.o)

.comment        0x00000000       0x1e
 .comment       0x00000000       0x1e bin/main.o
                                 0x1f (size before relaxing)
 .comment       0x0000001e       0x1f ../libopencm3/lib/libopencm3_stm32f1.a(vector.o)

.ARM.attributes
                0x00000000       0x2d
 .ARM.attributes
                0x00000000       0x2d bin/main.o
 .ARM.attributes
                0x0000002d       0x2d ../libopencm3/lib/libopencm3_stm32f1.a(vector.o)

.debug_frame    0x00000000       0x74
 .debug_frame   0x00000000       0x28 bin/main.o
 .debug_frame   0x00000028       0x4c ../libopencm3/lib/libopencm3_stm32f1.a(vector.o)
